*****************************************************************
      SolidWorks 公司 - IGES 处理器状态报告
*****************************************************************
警告: 无法读取 IGES 文件。文件已修改过或包含无效的数据。                                


=================================================================
实体概要
=================================================================
-----------------------------------------------------------------
类型名称                                         记数转换
---- ----                                         ----- ---------
_________________________________________________________________


=================================================================
结果概要
=================================================================
SolidWorks 特征类型                记数
-----------------------                -----
实体特征                       0
曲面特征                     0
曲线/草图特征                0
--------------------------------------------
开始时间: 星期日, 一月 10, 2021 21:15:43
结束时间: 星期日, 一月 10, 2021 21:15:45
处理时间: 0 days, 00 hours, 00 mins, 02 secs
